step1    Rao_2014_GM_MboI_4DNFIXP4QG5B.mcool | norm = weight :  time = 1541.86088681221
step2    p= 0.001 Rao_2014_GM_MboI_4DNFIXP4QG5B.mcool | norm = weight :  time = 1629.2525815963745
step2    p= 0.005 Rao_2014_GM_MboI_4DNFIXP4QG5B.mcool | norm = weight :  time = 1739.3568053245544
step2    p= 0.01 Rao_2014_GM_MboI_4DNFIXP4QG5B.mcool | norm = weight :  time = 1901.3274731636047
step2    p= 0.05 Rao_2014_GM_MboI_4DNFIXP4QG5B.mcool | norm = weight :  time = 2062.9165966510773
step2    p= 0.1 Rao_2014_GM_MboI_4DNFIXP4QG5B.mcool | norm = weight :  time = 2253.096169233322
step1    Rao_2014_GM_MboI_4DNFIXP4QG5B.mcool | norm = count :  time = 1866.0063364505768
step2    p= 0.001 Rao_2014_GM_MboI_4DNFIXP4QG5B.mcool | norm = count :  time = 1972.9032943248749
step2    p= 0.005 Rao_2014_GM_MboI_4DNFIXP4QG5B.mcool | norm = count :  time = 2121.815476179123
step2    p= 0.01 Rao_2014_GM_MboI_4DNFIXP4QG5B.mcool | norm = count :  time = 2271.369245529175
step2    p= 0.05 Rao_2014_GM_MboI_4DNFIXP4QG5B.mcool | norm = count :  time = 2473.180218219757
step2    p= 0.1 Rao_2014_GM_MboI_4DNFIXP4QG5B.mcool | norm = count :  time = 2646.7999455928802
step1    Rao_2014_HUVEC_MboI_4DNFIRMZ7QTE.mcool | norm = weight :  time = 410.15882754325867
step2    p= 0.001 Rao_2014_HUVEC_MboI_4DNFIRMZ7QTE.mcool | norm = weight :  time = 463.93119835853577
step2    p= 0.005 Rao_2014_HUVEC_MboI_4DNFIRMZ7QTE.mcool | norm = weight :  time = 486.013876914978
step2    p= 0.01 Rao_2014_HUVEC_MboI_4DNFIRMZ7QTE.mcool | norm = weight :  time = 512.5618245601654
step2    p= 0.05 Rao_2014_HUVEC_MboI_4DNFIRMZ7QTE.mcool | norm = weight :  time = 548.4266562461853
step2    p= 0.1 Rao_2014_HUVEC_MboI_4DNFIRMZ7QTE.mcool | norm = weight :  time = 601.6156017780304
step1    Rao_2014_HUVEC_MboI_4DNFIRMZ7QTE.mcool | norm = count :  time = 472.25982785224915
step2    p= 0.001 Rao_2014_HUVEC_MboI_4DNFIRMZ7QTE.mcool | norm = count :  time = 484.7727723121643
step2    p= 0.005 Rao_2014_HUVEC_MboI_4DNFIRMZ7QTE.mcool | norm = count :  time = 519.9740285873413
step2    p= 0.01 Rao_2014_HUVEC_MboI_4DNFIRMZ7QTE.mcool | norm = count :  time = 550.5155143737793
step2    p= 0.05 Rao_2014_HUVEC_MboI_4DNFIRMZ7QTE.mcool | norm = count :  time = 583.6907441616058
step2    p= 0.1 Rao_2014_HUVEC_MboI_4DNFIRMZ7QTE.mcool | norm = count :  time = 612.3553657531738
step1    Rao_2014_HMEC_MboI_4DNFIGUIV5KO.mcool | norm = weight :  time = 510.2649977207184
step2    p= 0.001 Rao_2014_HMEC_MboI_4DNFIGUIV5KO.mcool | norm = weight :  time = 540.3169453144073
step2    p= 0.005 Rao_2014_HMEC_MboI_4DNFIGUIV5KO.mcool | norm = weight :  time = 582.0321896076202
step2    p= 0.01 Rao_2014_HMEC_MboI_4DNFIGUIV5KO.mcool | norm = weight :  time = 615.7130439281464
step2    p= 0.05 Rao_2014_HMEC_MboI_4DNFIGUIV5KO.mcool | norm = weight :  time = 659.6646058559418
step2    p= 0.1 Rao_2014_HMEC_MboI_4DNFIGUIV5KO.mcool | norm = weight :  time = 714.9459671974182
step1    Rao_2014_HMEC_MboI_4DNFIGUIV5KO.mcool | norm = count :  time = 599.5497996807098
step2    p= 0.001 Rao_2014_HMEC_MboI_4DNFIGUIV5KO.mcool | norm = count :  time = 639.285350561142
step2    p= 0.005 Rao_2014_HMEC_MboI_4DNFIGUIV5KO.mcool | norm = count :  time = 678.7832880020142
step2    p= 0.01 Rao_2014_HMEC_MboI_4DNFIGUIV5KO.mcool | norm = count :  time = 721.0487644672394
step2    p= 0.05 Rao_2014_HMEC_MboI_4DNFIGUIV5KO.mcool | norm = count :  time = 774.1107127666473
step2    p= 0.1 Rao_2014_HMEC_MboI_4DNFIGUIV5KO.mcool | norm = count :  time = 833.3525042533875
step1    Rao_2014_IMR90_MboI_4DNFIJTOIGOI.mcool | norm = weight :  time = 1113.1571533679962
step2    p= 0.001 Rao_2014_IMR90_MboI_4DNFIJTOIGOI.mcool | norm = weight :  time = 1141.6336619853973
step2    p= 0.005 Rao_2014_IMR90_MboI_4DNFIJTOIGOI.mcool | norm = weight :  time = 1232.791196346283
step2    p= 0.01 Rao_2014_IMR90_MboI_4DNFIJTOIGOI.mcool | norm = weight :  time = 1321.397249698639
step2    p= 0.05 Rao_2014_IMR90_MboI_4DNFIJTOIGOI.mcool | norm = weight :  time = 1405.2772495746613
step2    p= 0.1 Rao_2014_IMR90_MboI_4DNFIJTOIGOI.mcool | norm = weight :  time = 1510.2098536491394
step1    Rao_2014_IMR90_MboI_4DNFIJTOIGOI.mcool | norm = count :  time = 1292.4554421901703
step2    p= 0.001 Rao_2014_IMR90_MboI_4DNFIJTOIGOI.mcool | norm = count :  time = 1366.7293908596039
step2    p= 0.005 Rao_2014_IMR90_MboI_4DNFIJTOIGOI.mcool | norm = count :  time = 1448.442361831665
step2    p= 0.01 Rao_2014_IMR90_MboI_4DNFIJTOIGOI.mcool | norm = count :  time = 1531.9207258224487
step2    p= 0.05 Rao_2014_IMR90_MboI_4DNFIJTOIGOI.mcool | norm = count :  time = 1631.0626339912415
step2    p= 0.1 Rao_2014_IMR90_MboI_4DNFIJTOIGOI.mcool | norm = count :  time = 1759.0661551952362
